run=unet_a device=cuda loss=MaskedMSELoss(reduction=global_masked_mean) train=37704 val=6641 params=7,849,601
zero-predictor validation error over the whole split: 1.298702e-05
epoch   1/60  train=2.975934e-05  val_mse=1.352749e-05  val_wmse=6.734801e-05  pred_max=0.0340  recall=0.000  197.4s (5.23 ms/img)
epoch   2/60  train=2.797530e-05  val_mse=1.252290e-05  val_wmse=6.629992e-05  pred_max=0.0440  recall=0.000  193.2s (5.12 ms/img)
epoch   3/60  train=2.696791e-05  val_mse=1.260327e-05  val_wmse=6.632482e-05  pred_max=0.0822  recall=0.001  188.1s (4.99 ms/img)
epoch   4/60  train=2.648998e-05  val_mse=1.264704e-05  val_wmse=6.596950e-05  pred_max=0.0643  recall=0.001  186.1s (4.94 ms/img)
epoch   5/60  train=2.578442e-05  val_mse=1.231646e-05  val_wmse=6.588425e-05  pred_max=0.0646  recall=0.000  186.1s (4.94 ms/img)
epoch   6/60  train=2.517854e-05  val_mse=1.244086e-05  val_wmse=6.587925e-05  pred_max=0.0633  recall=0.001  186.1s (4.94 ms/img)
epoch   7/60  train=2.446934e-05  val_mse=1.277408e-05  val_wmse=6.585853e-05  pred_max=0.0882  recall=0.006  186.1s (4.94 ms/img)
epoch   8/60  train=2.378235e-05  val_mse=1.257831e-05  val_wmse=6.565224e-05  pred_max=0.0893  recall=0.004  186.2s (4.94 ms/img)
epoch   9/60  train=2.326772e-05  val_mse=1.234819e-05  val_wmse=6.548733e-05  pred_max=0.0742  recall=0.002  186.1s (4.94 ms/img)
epoch  10/60  train=2.302673e-05  val_mse=1.258405e-05  val_wmse=6.580460e-05  pred_max=0.0929  recall=0.006  186.2s (4.94 ms/img)
epoch  11/60  train=2.248500e-05  val_mse=1.307218e-05  val_wmse=6.573444e-05  pred_max=0.0909  recall=0.011  186.1s (4.94 ms/img)
epoch  12/60  train=2.239687e-05  val_mse=1.255980e-05  val_wmse=6.558839e-05  pred_max=0.1090  recall=0.007  186.2s (4.94 ms/img)
epoch  13/60  train=2.196478e-05  val_mse=1.300369e-05  val_wmse=6.530477e-05  pred_max=0.1163  recall=0.010  186.1s (4.94 ms/img)
epoch  14/60  train=2.164397e-05  val_mse=1.265070e-05  val_wmse=6.590046e-05  pred_max=0.0987  recall=0.008  186.2s (4.94 ms/img)
epoch  15/60  train=2.145546e-05  val_mse=1.266645e-05  val_wmse=6.534289e-05  pred_max=0.1079  recall=0.012  186.2s (4.94 ms/img)
epoch  16/60  train=2.112007e-05  val_mse=1.283471e-05  val_wmse=6.553868e-05  pred_max=0.1233  recall=0.016  186.2s (4.94 ms/img)
epoch  17/60  train=2.080276e-05  val_mse=1.269581e-05  val_wmse=6.550538e-05  pred_max=0.1252  recall=0.012  186.2s (4.94 ms/img)
epoch  18/60  train=2.069061e-05  val_mse=1.260854e-05  val_wmse=6.548438e-05  pred_max=0.1056  recall=0.012  186.2s (4.94 ms/img)
epoch  19/60  train=2.090864e-05  val_mse=1.249810e-05  val_wmse=6.566342e-05  pred_max=0.1087  recall=0.008  186.2s (4.94 ms/img)
epoch  20/60  train=2.032274e-05  val_mse=1.275851e-05  val_wmse=6.584744e-05  pred_max=0.1098  recall=0.014  186.2s (4.94 ms/img)
epoch  21/60  train=2.042612e-05  val_mse=1.318141e-05  val_wmse=6.573835e-05  pred_max=0.1418  recall=0.015  187.3s (4.97 ms/img)
epoch  22/60  train=2.046097e-05  val_mse=1.271943e-05  val_wmse=6.557930e-05  pred_max=0.1336  recall=0.014  189.9s (5.04 ms/img)
epoch  23/60  train=1.997916e-05  val_mse=1.274151e-05  val_wmse=6.536505e-05  pred_max=0.1225  recall=0.014  187.7s (4.98 ms/img)
epoch  24/60  train=1.983187e-05  val_mse=1.305445e-05  val_wmse=6.579367e-05  pred_max=0.1202  recall=0.012  188.0s (4.99 ms/img)
epoch  25/60  train=2.049642e-05  val_mse=1.268030e-05  val_wmse=6.561342e-05  pred_max=0.1200  recall=0.013  186.2s (4.94 ms/img)
epoch  26/60  train=1.973847e-05  val_mse=1.293686e-05  val_wmse=6.552276e-05  pred_max=0.1343  recall=0.018  186.2s (4.94 ms/img)
epoch  27/60  train=1.948075e-05  val_mse=1.287838e-05  val_wmse=6.561649e-05  pred_max=0.1279  recall=0.017  186.2s (4.94 ms/img)
epoch  28/60  train=1.927411e-05  val_mse=1.302854e-05  val_wmse=6.581492e-05  pred_max=0.1269  recall=0.017  186.2s (4.94 ms/img)
epoch  29/60  train=1.939532e-05  val_mse=1.449469e-05  val_wmse=6.750108e-05  pred_max=0.1158  recall=0.013  186.2s (4.94 ms/img)
epoch  30/60  train=1.912626e-05  val_mse=1.283119e-05  val_wmse=6.570216e-05  pred_max=0.1283  recall=0.014  186.2s (4.94 ms/img)
epoch  31/60  train=1.889819e-05  val_mse=1.289441e-05  val_wmse=6.562330e-05  pred_max=0.1336  recall=0.018  186.2s (4.94 ms/img)
epoch  32/60  train=1.892790e-05  val_mse=1.270984e-05  val_wmse=6.571887e-05  pred_max=0.1151  recall=0.015  186.3s (4.94 ms/img)
epoch  33/60  train=1.873990e-05  val_mse=1.277280e-05  val_wmse=6.598577e-05  pred_max=0.1296  recall=0.013  186.2s (4.94 ms/img)
epoch  34/60  train=1.848148e-05  val_mse=1.289315e-05  val_wmse=6.588391e-05  pred_max=0.1275  recall=0.016  186.2s (4.94 ms/img)
epoch  35/60  train=1.842519e-05  val_mse=1.280161e-05  val_wmse=6.569286e-05  pred_max=0.1593  recall=0.014  186.2s (4.94 ms/img)
epoch  36/60  train=1.891756e-05  val_mse=1.307373e-05  val_wmse=6.598989e-05  pred_max=0.2532  recall=0.017  186.2s (4.94 ms/img)
epoch  37/60  train=1.852004e-05  val_mse=1.290906e-05  val_wmse=6.580562e-05  pred_max=0.2420  recall=0.018  186.2s (4.94 ms/img)
epoch  38/60  train=1.814590e-05  val_mse=1.278446e-05  val_wmse=6.579868e-05  pred_max=0.3550  recall=0.012  186.2s (4.94 ms/img)
epoch  39/60  train=1.805783e-05  val_mse=1.295586e-05  val_wmse=6.582278e-05  pred_max=0.2809  recall=0.016  186.2s (4.94 ms/img)
epoch  40/60  train=1.841385e-05  val_mse=1.285620e-05  val_wmse=6.584075e-05  pred_max=0.4539  recall=0.015  187.8s (4.98 ms/img)
epoch  41/60  train=1.815730e-05  val_mse=1.315211e-05  val_wmse=6.585385e-05  pred_max=0.5006  recall=0.022  187.9s (4.98 ms/img)
epoch  42/60  train=1.779679e-05  val_mse=1.273739e-05  val_wmse=6.641538e-05  pred_max=0.6056  recall=0.008  188.8s (5.01 ms/img)
epoch  43/60  train=1.762535e-05  val_mse=1.271706e-05  val_wmse=6.599946e-05  pred_max=0.5741  recall=0.011  186.7s (4.95 ms/img)
epoch  44/60  train=1.759591e-05  val_mse=1.338496e-05  val_wmse=6.594328e-05  pred_max=0.6648  recall=0.023  186.2s (4.94 ms/img)
epoch  45/60  train=1.776446e-05  val_mse=1.293292e-05  val_wmse=6.597807e-05  pred_max=0.4469  recall=0.015  186.2s (4.94 ms/img)
epoch  46/60  train=1.748204e-05  val_mse=1.297430e-05  val_wmse=6.613253e-05  pred_max=0.6023  recall=0.015  186.2s (4.94 ms/img)
epoch  47/60  train=1.728157e-05  val_mse=1.316425e-05  val_wmse=6.627862e-05  pred_max=0.8553  recall=0.016  186.2s (4.94 ms/img)
epoch  48/60  train=1.725958e-05  val_mse=1.292501e-05  val_wmse=6.631975e-05  pred_max=0.5644  recall=0.012  187.2s (4.96 ms/img)
epoch  49/60  train=1.727941e-05  val_mse=1.273804e-05  val_wmse=6.601280e-05  pred_max=0.2989  recall=0.014  190.9s (5.06 ms/img)
epoch  50/60  train=1.722659e-05  val_mse=1.287360e-05  val_wmse=6.616080e-05  pred_max=0.4795  recall=0.014  190.2s (5.04 ms/img)
epoch  51/60  train=1.692822e-05  val_mse=1.306801e-05  val_wmse=6.608099e-05  pred_max=0.6320  recall=0.017  190.9s (5.06 ms/img)
epoch  52/60  train=1.707607e-05  val_mse=1.294760e-05  val_wmse=6.594381e-05  pred_max=0.4002  recall=0.018  193.1s (5.12 ms/img)
epoch  53/60  train=1.690785e-05  val_mse=1.311083e-05  val_wmse=6.630407e-05  pred_max=0.8385  recall=0.016  194.7s (5.16 ms/img)
epoch  54/60  train=1.671732e-05  val_mse=1.280570e-05  val_wmse=6.607976e-05  pred_max=0.5283  recall=0.012  196.6s (5.21 ms/img)
epoch  55/60  train=1.683488e-05  val_mse=1.296001e-05  val_wmse=6.633142e-05  pred_max=0.2423  recall=0.013  195.1s (5.17 ms/img)
epoch  56/60  train=1.675827e-05  val_mse=1.291155e-05  val_wmse=6.606128e-05  pred_max=0.3459  recall=0.016  192.9s (5.12 ms/img)
epoch  57/60  train=1.655745e-05  val_mse=1.274060e-05  val_wmse=6.603211e-05  pred_max=0.4495  recall=0.010  193.0s (5.12 ms/img)
epoch  58/60  train=1.657952e-05  val_mse=1.279048e-05  val_wmse=6.591975e-05  pred_max=0.3034  recall=0.014  192.8s (5.11 ms/img)
epoch  59/60  train=1.640261e-05  val_mse=1.297788e-05  val_wmse=6.587150e-05  pred_max=0.5053  recall=0.019  192.1s (5.09 ms/img)
epoch  60/60  train=1.628669e-05  val_mse=1.295807e-05  val_wmse=6.602813e-05  pred_max=0.4720  recall=0.017  191.3s (5.07 ms/img)
best val_mse=1.231646e-05  baseline=1.298702e-05
record written to results/unet_a/run.json
run=unet_b device=cuda loss=MaskedWeightedMSELoss(threshold=0.05, positive_weight=10.0, reduction=global_masked_mean) train=37704 val=6641 params=7,849,601
zero-predictor validation error over the whole split: 1.298702e-05
epoch   1/60  train=1.720540e-04  val_mse=2.211267e-05  val_wmse=7.342854e-05  pred_max=0.0734  recall=0.001  200.3s (5.31 ms/img)
epoch   2/60  train=1.610359e-04  val_mse=1.560623e-05  val_wmse=6.636901e-05  pred_max=0.1049  recall=0.031  196.1s (5.20 ms/img)
epoch   3/60  train=1.532141e-04  val_mse=1.799707e-05  val_wmse=6.799704e-05  pred_max=0.1210  recall=0.050  195.2s (5.18 ms/img)
epoch   4/60  train=1.490099e-04  val_mse=1.613772e-05  val_wmse=6.620498e-05  pred_max=0.1096  recall=0.047  193.9s (5.14 ms/img)
epoch   5/60  train=1.452069e-04  val_mse=1.445849e-05  val_wmse=6.526984e-05  pred_max=0.1012  recall=0.030  195.5s (5.19 ms/img)
epoch   6/60  train=1.415754e-04  val_mse=1.691248e-05  val_wmse=6.687178e-05  pred_max=0.1272  recall=0.057  194.5s (5.16 ms/img)
